--=================================================================--
[06/08/2026 19:26:37] --- NEW MAP STARTED: tell ---
--=================================================================--
[19:34:44] [TR] cae                                 has joined (STEAM_1:1:525415744 | 78.162.20.6)
[19:35:06] [TR] cae                                 has joined (STEAM_1:1:525415744 | 78.162.20.6)
--=================================================================--
[06/08/2026 19:37:47] --- NEW MAP STARTED: tell ---
--=================================================================--
--=================================================================--
[06/08/2026 19:43:05] --- NEW MAP STARTED: tell ---
--=================================================================--
[19:46:23] [FR] [FfF]G4RY BoURB!3R                  has joined (STEAM_1:0:15147785 | 78.243.28.48)
[19:46:43] [FR] [FfF]G4RY BoURB!3R                  has joined (STEAM_1:0:15147785 | 78.243.28.48)
--=================================================================--
[06/08/2026 19:51:34] --- NEW MAP STARTED: tell ---
--=================================================================--
[19:54:29] [FR] [FfF]G4RY BoURB!3R                  has joined (STEAM_1:0:15147785 | 78.243.28.48)
[19:54:49] [FR] [FfF]G4RY BoURB!3R                  has joined (STEAM_1:0:15147785 | 78.243.28.48)
--=================================================================--
[06/08/2026 19:59:49] --- NEW MAP STARTED: khanashin_b8 ---
--=================================================================--
--=================================================================--
[06/08/2026 20:01:08] --- NEW MAP STARTED: panj ---
--=================================================================--
--=================================================================--
[06/08/2026 20:02:17] --- NEW MAP STARTED: khanashin_b8 ---
--=================================================================--
--=================================================================--
[06/08/2026 20:03:23] --- NEW MAP STARTED: district_night ---
--=================================================================--
--=================================================================--
[06/08/2026 20:07:00] --- NEW MAP STARTED: khanashin_b8 ---
--=================================================================--
--=================================================================--
[06/08/2026 20:08:15] --- NEW MAP STARTED: embassy ---
--=================================================================--
--=================================================================--
[06/08/2026 20:11:42] --- NEW MAP STARTED: khanashin_b8 ---
--=================================================================--
[20:12:04] [FR] [FfF]G4RY BoURB!3R                  has joined (STEAM_1:0:15147785 | 78.243.28.48)
[20:12:22] [FR] [FfF]G4RY BoURB!3R                  has joined (STEAM_1:0:15147785 | 78.243.28.48)
[20:12:40] [FR] [TEAM TWO   ] [FfF]G4RY BoURB!3R                  : !fs
--=================================================================--
[06/08/2026 20:28:54] --- NEW MAP STARTED: tell ---
--=================================================================--
--=================================================================--
[06/08/2026 20:33:11] --- NEW MAP STARTED: tell ---
--=================================================================--
--=================================================================--
[06/08/2026 20:39:56] --- NEW MAP STARTED: tell ---
--=================================================================--
[20:40:57] [FR] [FfF]G4RY BoURB!3R                  has joined (STEAM_1:0:15147785 | 78.243.28.48)
[20:41:18] [FR] [FfF]G4RY BoURB!3R                  has joined (STEAM_1:0:15147785 | 78.243.28.48)
--=================================================================--
[06/08/2026 20:44:56] --- NEW MAP STARTED: khanashin_b8 ---
--=================================================================--
--=================================================================--
[06/08/2026 20:46:07] --- NEW MAP STARTED: verticality_night ---
--=================================================================--
--=================================================================--
[06/08/2026 20:48:50] --- NEW MAP STARTED: khanashin_b8 ---
--=================================================================--
--=================================================================--
[06/08/2026 20:49:49] --- NEW MAP STARTED: verticality ---
--=================================================================--
--=================================================================--
[06/08/2026 20:56:55] --- NEW MAP STARTED: khanashin_b8 ---
--=================================================================--
--=================================================================--
[06/08/2026 20:57:58] --- NEW MAP STARTED: verticality_night ---
--=================================================================--
[21:01:52] [FR] [FfF]G4RY BoURB!3R                  has joined (STEAM_1:0:15147785 | 78.243.28.48)
[21:02:11] [FR] [FfF]G4RY BoURB!3R                  has joined (STEAM_1:0:15147785 | 78.243.28.48)
--=================================================================--
[06/08/2026 21:04:00] --- NEW MAP STARTED: khanashin_b8 ---
--=================================================================--
--=================================================================--
[06/08/2026 21:05:13] --- NEW MAP STARTED: embassy_night ---
--=================================================================--
--=================================================================--
[06/08/2026 21:08:41] --- NEW MAP STARTED: congress ---
--=================================================================--
--=================================================================--
[06/08/2026 21:09:56] --- NEW MAP STARTED: buhriz ---
--=================================================================--
--=================================================================--
[06/08/2026 21:14:30] --- NEW MAP STARTED: congress ---
--=================================================================--
--=================================================================--
[06/08/2026 21:15:48] --- NEW MAP STARTED: market_night ---
--=================================================================--
--=================================================================--
[06/08/2026 21:17:59] --- NEW MAP STARTED: congress ---
--=================================================================--
--=================================================================--
[06/08/2026 21:19:10] --- NEW MAP STARTED: buhriz ---
--=================================================================--
--=================================================================--
[06/08/2026 21:22:22] --- NEW MAP STARTED: congress ---
--=================================================================--
--=================================================================--
[06/08/2026 21:23:31] --- NEW MAP STARTED: heights_night ---
--=================================================================--
--=================================================================--
[06/08/2026 21:25:18] --- NEW MAP STARTED: heights_night ---
--=================================================================--
--=================================================================--
[06/08/2026 21:33:42] --- NEW MAP STARTED: tell ---
--=================================================================--
[21:40:15] [FR] [FfF]G4RY BoURB!3R                  has joined (STEAM_1:0:15147785 | 78.243.23.216)
[21:40:37] [FR] [FfF]G4RY BoURB!3R                  has joined (STEAM_1:0:15147785 | 78.243.23.216)
[21:46:19] [FR] [FfF]G4RY BoURB!3R                  has joined (STEAM_1:0:15147785 | 78.243.23.216)
--=================================================================--
[06/08/2026 21:50:42] --- NEW MAP STARTED: congress ---
--=================================================================--
--=================================================================--
[06/08/2026 21:52:04] --- NEW MAP STARTED: market_night ---
--=================================================================--
