L 08/06/2026 - 19:25:34: SourceMod log file session started (file "/home/steam/game/insurgency/addons/sourcemod/logs/L20260806.log") (Version "1.10.0.6462")
L 08/06/2026 - 19:25:34: [GEOIP] GeoIP database info: GEO-106FREE 20180327 Build 1 Copyright (c) 2018 MaxMind Inc All Rights Reserved
L 08/06/2026 - 19:31:32: [KnifeKillMessages.smx] [Knife Notification] - Loaded
L 08/06/2026 - 19:36:55: SourceMod log file session started (file "/home/steam/game/insurgency/addons/sourcemod/logs/L20260806.log") (Version "1.10.0.6462")
L 08/06/2026 - 19:36:55: [GEOIP] GeoIP database info: GEO-106FREE 20180327 Build 1 Copyright (c) 2018 MaxMind Inc All Rights Reserved
L 08/06/2026 - 19:37:47: [fff_mapconfig.smx] [FfF MapConfig] tell -> server_custom.cfg
L 08/06/2026 - 19:37:48: [basecommands.smx] "Console<0><Console><Console>" changed cvar (cvar "sv_radial_vo_enemies") (value "1500")
L 08/06/2026 - 19:37:48: [basecommands.smx] "Console<0><Console><Console>" changed cvar (cvar "sv_radial_viewcone_enemy") (value "15")
L 08/06/2026 - 19:37:48: [basecommands.smx] "Console<0><Console><Console>" changed cvar (cvar "ins_deadcam_modes") (value "1")
L 08/06/2026 - 19:41:28: [fff_mapconfig.smx] [FfF MapConfig] theater force -> armory_pvp_default via sm_cvar
L 08/06/2026 - 19:41:28: [basecommands.smx] "Console<0><Console><Console>" changed cvar (cvar "mp_theater_override") (value "armory_pvp_default")
L 08/06/2026 - 19:41:31: [KnifeKillMessages.smx] [Knife Notification] - Loaded
L 08/06/2026 - 19:42:19: SourceMod log file session started (file "/home/steam/game/insurgency/addons/sourcemod/logs/L20260806.log") (Version "1.10.0.6462")
L 08/06/2026 - 19:42:19: [GEOIP] GeoIP database info: GEO-106FREE 20180327 Build 1 Copyright (c) 2018 MaxMind Inc All Rights Reserved
L 08/06/2026 - 19:45:27: [KnifeKillMessages.smx] [Knife Notification] - Loaded
L 08/06/2026 - 19:50:48: SourceMod log file session started (file "/home/steam/game/insurgency/addons/sourcemod/logs/L20260806.log") (Version "1.10.0.6462")
L 08/06/2026 - 19:50:48: [GEOIP] GeoIP database info: GEO-106FREE 20180327 Build 1 Copyright (c) 2018 MaxMind Inc All Rights Reserved
L 08/06/2026 - 19:54:27: [KnifeKillMessages.smx] [Knife Notification] - Loaded
L 08/06/2026 - 19:59:05: -------- Mapchange to khanashin_b8 --------
L 08/06/2026 - 19:59:05: [basecommands.smx] "Console<0><Console><Console>" changed cvar (cvar "sv_radial_vo_enemies") (value "1500")
L 08/06/2026 - 19:59:05: [basecommands.smx] "Console<0><Console><Console>" changed cvar (cvar "sv_radial_viewcone_enemy") (value "15")
L 08/06/2026 - 19:59:05: [basecommands.smx] "Console<0><Console><Console>" changed cvar (cvar "ins_deadcam_modes") (value "1")
L 08/06/2026 - 19:59:05: [basecommands.smx] "Console<0><Console><Console>" changed cvar (cvar "sv_radial_vo_enemies") (value "1500")
L 08/06/2026 - 19:59:05: [basecommands.smx] "Console<0><Console><Console>" changed cvar (cvar "sv_radial_viewcone_enemy") (value "15")
L 08/06/2026 - 19:59:05: [basecommands.smx] "Console<0><Console><Console>" changed cvar (cvar "ins_deadcam_modes") (value "1")
L 08/06/2026 - 19:59:05: [basecommands.smx] "Console<0><Console><Console>" changed cvar (cvar "mp_theater_override") (value "armory_pvp_default")
L 08/06/2026 - 20:00:19: -------- Mapchange to panj --------
L 08/06/2026 - 20:00:20: [basecommands.smx] "Console<0><Console><Console>" changed cvar (cvar "sv_radial_vo_enemies") (value "1500")
L 08/06/2026 - 20:00:20: [basecommands.smx] "Console<0><Console><Console>" changed cvar (cvar "sv_radial_viewcone_enemy") (value "15")
L 08/06/2026 - 20:00:20: [basecommands.smx] "Console<0><Console><Console>" changed cvar (cvar "ins_deadcam_modes") (value "1")
L 08/06/2026 - 20:00:21: [basecommands.smx] "Console<0><Console><Console>" changed cvar (cvar "sv_radial_vo_enemies") (value "1500")
L 08/06/2026 - 20:00:21: [basecommands.smx] "Console<0><Console><Console>" changed cvar (cvar "sv_radial_viewcone_enemy") (value "15")
L 08/06/2026 - 20:00:21: [basecommands.smx] "Console<0><Console><Console>" changed cvar (cvar "ins_deadcam_modes") (value "1")
L 08/06/2026 - 20:00:21: [basecommands.smx] "Console<0><Console><Console>" changed cvar (cvar "mp_theater_override") (value "armory_pvp_default")
L 08/06/2026 - 20:01:30: -------- Mapchange to khanashin_b8 --------
L 08/06/2026 - 20:01:31: [basecommands.smx] "Console<0><Console><Console>" changed cvar (cvar "sv_radial_vo_enemies") (value "1500")
L 08/06/2026 - 20:01:31: [basecommands.smx] "Console<0><Console><Console>" changed cvar (cvar "sv_radial_viewcone_enemy") (value "15")
L 08/06/2026 - 20:01:31: [basecommands.smx] "Console<0><Console><Console>" changed cvar (cvar "ins_deadcam_modes") (value "1")
L 08/06/2026 - 20:01:31: [basecommands.smx] "Console<0><Console><Console>" changed cvar (cvar "sv_radial_vo_enemies") (value "1500")
L 08/06/2026 - 20:01:31: [basecommands.smx] "Console<0><Console><Console>" changed cvar (cvar "sv_radial_viewcone_enemy") (value "15")
L 08/06/2026 - 20:01:31: [basecommands.smx] "Console<0><Console><Console>" changed cvar (cvar "ins_deadcam_modes") (value "1")
L 08/06/2026 - 20:01:31: [basecommands.smx] "Console<0><Console><Console>" changed cvar (cvar "mp_theater_override") (value "armory_pvp_default")
L 08/06/2026 - 20:02:39: -------- Mapchange to district_night --------
L 08/06/2026 - 20:02:39: [basecommands.smx] "Console<0><Console><Console>" changed cvar (cvar "sv_radial_vo_enemies") (value "1500")
L 08/06/2026 - 20:02:39: [basecommands.smx] "Console<0><Console><Console>" changed cvar (cvar "sv_radial_viewcone_enemy") (value "15")
L 08/06/2026 - 20:02:39: [basecommands.smx] "Console<0><Console><Console>" changed cvar (cvar "ins_deadcam_modes") (value "1")
L 08/06/2026 - 20:02:39: [basecommands.smx] "Console<0><Console><Console>" changed cvar (cvar "sv_radial_vo_enemies") (value "1500")
L 08/06/2026 - 20:02:39: [basecommands.smx] "Console<0><Console><Console>" changed cvar (cvar "sv_radial_viewcone_enemy") (value "15")
L 08/06/2026 - 20:02:39: [basecommands.smx] "Console<0><Console><Console>" changed cvar (cvar "ins_deadcam_modes") (value "1")
L 08/06/2026 - 20:06:11: -------- Mapchange to khanashin_b8 --------
L 08/06/2026 - 20:06:12: [basecommands.smx] "Console<0><Console><Console>" changed cvar (cvar "sv_radial_vo_enemies") (value "1500")
L 08/06/2026 - 20:06:12: [basecommands.smx] "Console<0><Console><Console>" changed cvar (cvar "sv_radial_viewcone_enemy") (value "15")
L 08/06/2026 - 20:06:12: [basecommands.smx] "Console<0><Console><Console>" changed cvar (cvar "ins_deadcam_modes") (value "1")
L 08/06/2026 - 20:06:12: [basecommands.smx] "Console<0><Console><Console>" changed cvar (cvar "sv_radial_vo_enemies") (value "1500")
L 08/06/2026 - 20:06:12: [basecommands.smx] "Console<0><Console><Console>" changed cvar (cvar "sv_radial_viewcone_enemy") (value "15")
L 08/06/2026 - 20:06:12: [basecommands.smx] "Console<0><Console><Console>" changed cvar (cvar "ins_deadcam_modes") (value "1")
L 08/06/2026 - 20:06:12: [basecommands.smx] "Console<0><Console><Console>" changed cvar (cvar "mp_theater_override") (value "armory_pvp_default")
L 08/06/2026 - 20:07:27: -------- Mapchange to embassy --------
L 08/06/2026 - 20:07:27: [basecommands.smx] "Console<0><Console><Console>" changed cvar (cvar "sv_radial_vo_enemies") (value "1500")
L 08/06/2026 - 20:07:27: [basecommands.smx] "Console<0><Console><Console>" changed cvar (cvar "sv_radial_viewcone_enemy") (value "15")
L 08/06/2026 - 20:07:27: [basecommands.smx] "Console<0><Console><Console>" changed cvar (cvar "ins_deadcam_modes") (value "1")
L 08/06/2026 - 20:07:28: [basecommands.smx] "Console<0><Console><Console>" changed cvar (cvar "sv_radial_vo_enemies") (value "1500")
L 08/06/2026 - 20:07:28: [basecommands.smx] "Console<0><Console><Console>" changed cvar (cvar "sv_radial_viewcone_enemy") (value "15")
L 08/06/2026 - 20:07:28: [basecommands.smx] "Console<0><Console><Console>" changed cvar (cvar "ins_deadcam_modes") (value "1")
L 08/06/2026 - 20:07:28: [basecommands.smx] "Console<0><Console><Console>" changed cvar (cvar "mp_theater_override") (value "armory_pvp_default")
L 08/06/2026 - 20:10:58: -------- Mapchange to khanashin_b8 --------
L 08/06/2026 - 20:10:59: [basecommands.smx] "Console<0><Console><Console>" changed cvar (cvar "sv_radial_vo_enemies") (value "1500")
L 08/06/2026 - 20:10:59: [basecommands.smx] "Console<0><Console><Console>" changed cvar (cvar "sv_radial_viewcone_enemy") (value "15")
L 08/06/2026 - 20:10:59: [basecommands.smx] "Console<0><Console><Console>" changed cvar (cvar "ins_deadcam_modes") (value "1")
L 08/06/2026 - 20:10:59: [basecommands.smx] "Console<0><Console><Console>" changed cvar (cvar "sv_radial_vo_enemies") (value "1500")
L 08/06/2026 - 20:10:59: [basecommands.smx] "Console<0><Console><Console>" changed cvar (cvar "sv_radial_viewcone_enemy") (value "15")
L 08/06/2026 - 20:10:59: [basecommands.smx] "Console<0><Console><Console>" changed cvar (cvar "ins_deadcam_modes") (value "1")
L 08/06/2026 - 20:10:59: [basecommands.smx] "Console<0><Console><Console>" changed cvar (cvar "mp_theater_override") (value "armory_pvp_default")
L 08/06/2026 - 20:26:47: SourceMod log file session started (file "/home/steam/game/insurgency/addons/sourcemod/logs/L20260806.log") (Version "1.10.0.6462")
L 08/06/2026 - 20:26:47: [GEOIP] GeoIP database info: GEO-106FREE 20180327 Build 1 Copyright (c) 2018 MaxMind Inc All Rights Reserved
L 08/06/2026 - 20:32:27: SourceMod log file session started (file "/home/steam/game/insurgency/addons/sourcemod/logs/L20260806.log") (Version "1.10.0.6462")
L 08/06/2026 - 20:32:27: [GEOIP] GeoIP database info: GEO-106FREE 20180327 Build 1 Copyright (c) 2018 MaxMind Inc All Rights Reserved
L 08/06/2026 - 20:39:14: SourceMod log file session started (file "/home/steam/game/insurgency/addons/sourcemod/logs/L20260806.log") (Version "1.10.0.6462")
L 08/06/2026 - 20:39:14: [GEOIP] GeoIP database info: GEO-106FREE 20180327 Build 1 Copyright (c) 2018 MaxMind Inc All Rights Reserved
L 08/06/2026 - 20:40:50: [KnifeKillMessages.smx] [Knife Notification] - Loaded
L 08/06/2026 - 20:44:13: -------- Mapchange to khanashin_b8 --------
L 08/06/2026 - 20:44:13: [basecommands.smx] "Console<0><Console><Console>" changed cvar (cvar "sv_radial_vo_enemies") (value "1500")
L 08/06/2026 - 20:44:13: [basecommands.smx] "Console<0><Console><Console>" changed cvar (cvar "sv_radial_viewcone_enemy") (value "15")
L 08/06/2026 - 20:44:13: [basecommands.smx] "Console<0><Console><Console>" changed cvar (cvar "ins_deadcam_modes") (value "1")
L 08/06/2026 - 20:44:13: [basecommands.smx] "Console<0><Console><Console>" changed cvar (cvar "sv_radial_vo_enemies") (value "1500")
L 08/06/2026 - 20:44:13: [basecommands.smx] "Console<0><Console><Console>" changed cvar (cvar "sv_radial_viewcone_enemy") (value "15")
L 08/06/2026 - 20:44:13: [basecommands.smx] "Console<0><Console><Console>" changed cvar (cvar "ins_deadcam_modes") (value "1")
L 08/06/2026 - 20:44:13: [basecommands.smx] "Console<0><Console><Console>" changed cvar (cvar "mp_theater_override") (value "armory_pvp_default")
L 08/06/2026 - 20:45:16: -------- Mapchange to verticality_night --------
L 08/06/2026 - 20:45:17: [basecommands.smx] "Console<0><Console><Console>" changed cvar (cvar "sv_radial_vo_enemies") (value "1500")
L 08/06/2026 - 20:45:17: [basecommands.smx] "Console<0><Console><Console>" changed cvar (cvar "sv_radial_viewcone_enemy") (value "15")
L 08/06/2026 - 20:45:17: [basecommands.smx] "Console<0><Console><Console>" changed cvar (cvar "ins_deadcam_modes") (value "1")
L 08/06/2026 - 20:45:17: [basecommands.smx] "Console<0><Console><Console>" changed cvar (cvar "sv_radial_vo_enemies") (value "1500")
L 08/06/2026 - 20:45:17: [basecommands.smx] "Console<0><Console><Console>" changed cvar (cvar "sv_radial_viewcone_enemy") (value "15")
L 08/06/2026 - 20:45:17: [basecommands.smx] "Console<0><Console><Console>" changed cvar (cvar "ins_deadcam_modes") (value "1")
L 08/06/2026 - 20:48:04: -------- Mapchange to khanashin_b8 --------
L 08/06/2026 - 20:48:05: [basecommands.smx] "Console<0><Console><Console>" changed cvar (cvar "sv_radial_vo_enemies") (value "1500")
L 08/06/2026 - 20:48:05: [basecommands.smx] "Console<0><Console><Console>" changed cvar (cvar "sv_radial_viewcone_enemy") (value "15")
L 08/06/2026 - 20:48:05: [basecommands.smx] "Console<0><Console><Console>" changed cvar (cvar "ins_deadcam_modes") (value "1")
L 08/06/2026 - 20:48:05: [basecommands.smx] "Console<0><Console><Console>" changed cvar (cvar "sv_radial_vo_enemies") (value "1500")
L 08/06/2026 - 20:48:05: [basecommands.smx] "Console<0><Console><Console>" changed cvar (cvar "sv_radial_viewcone_enemy") (value "15")
L 08/06/2026 - 20:48:05: [basecommands.smx] "Console<0><Console><Console>" changed cvar (cvar "ins_deadcam_modes") (value "1")
L 08/06/2026 - 20:48:05: [basecommands.smx] "Console<0><Console><Console>" changed cvar (cvar "mp_theater_override") (value "armory_pvp_default")
L 08/06/2026 - 20:49:07: -------- Mapchange to verticality --------
L 08/06/2026 - 20:49:07: [basecommands.smx] "Console<0><Console><Console>" changed cvar (cvar "sv_radial_vo_enemies") (value "1500")
L 08/06/2026 - 20:49:07: [basecommands.smx] "Console<0><Console><Console>" changed cvar (cvar "sv_radial_viewcone_enemy") (value "15")
L 08/06/2026 - 20:49:07: [basecommands.smx] "Console<0><Console><Console>" changed cvar (cvar "ins_deadcam_modes") (value "1")
L 08/06/2026 - 20:49:07: [basecommands.smx] "Console<0><Console><Console>" changed cvar (cvar "sv_radial_vo_enemies") (value "1500")
L 08/06/2026 - 20:49:07: [basecommands.smx] "Console<0><Console><Console>" changed cvar (cvar "sv_radial_viewcone_enemy") (value "15")
L 08/06/2026 - 20:49:07: [basecommands.smx] "Console<0><Console><Console>" changed cvar (cvar "ins_deadcam_modes") (value "1")
L 08/06/2026 - 20:49:07: [basecommands.smx] "Console<0><Console><Console>" changed cvar (cvar "mp_theater_override") (value "armory_pvp_default")
L 08/06/2026 - 20:56:11: -------- Mapchange to khanashin_b8 --------
L 08/06/2026 - 20:56:12: [basecommands.smx] "Console<0><Console><Console>" changed cvar (cvar "sv_radial_vo_enemies") (value "1500")
L 08/06/2026 - 20:56:12: [basecommands.smx] "Console<0><Console><Console>" changed cvar (cvar "sv_radial_viewcone_enemy") (value "15")
L 08/06/2026 - 20:56:12: [basecommands.smx] "Console<0><Console><Console>" changed cvar (cvar "ins_deadcam_modes") (value "1")
L 08/06/2026 - 20:56:12: [basecommands.smx] "Console<0><Console><Console>" changed cvar (cvar "sv_radial_vo_enemies") (value "1500")
L 08/06/2026 - 20:56:12: [basecommands.smx] "Console<0><Console><Console>" changed cvar (cvar "sv_radial_viewcone_enemy") (value "15")
L 08/06/2026 - 20:56:12: [basecommands.smx] "Console<0><Console><Console>" changed cvar (cvar "ins_deadcam_modes") (value "1")
L 08/06/2026 - 20:56:12: [basecommands.smx] "Console<0><Console><Console>" changed cvar (cvar "mp_theater_override") (value "armory_pvp_default")
L 08/06/2026 - 20:57:13: -------- Mapchange to verticality_night --------
L 08/06/2026 - 20:57:14: [basecommands.smx] "Console<0><Console><Console>" changed cvar (cvar "sv_radial_vo_enemies") (value "1500")
L 08/06/2026 - 20:57:14: [basecommands.smx] "Console<0><Console><Console>" changed cvar (cvar "sv_radial_viewcone_enemy") (value "15")
L 08/06/2026 - 20:57:14: [basecommands.smx] "Console<0><Console><Console>" changed cvar (cvar "ins_deadcam_modes") (value "1")
L 08/06/2026 - 20:57:14: [basecommands.smx] "Console<0><Console><Console>" changed cvar (cvar "sv_radial_vo_enemies") (value "1500")
L 08/06/2026 - 20:57:14: [basecommands.smx] "Console<0><Console><Console>" changed cvar (cvar "sv_radial_viewcone_enemy") (value "15")
L 08/06/2026 - 20:57:14: [basecommands.smx] "Console<0><Console><Console>" changed cvar (cvar "ins_deadcam_modes") (value "1")
L 08/06/2026 - 21:03:12: -------- Mapchange to khanashin_b8 --------
L 08/06/2026 - 21:03:12: [basecommands.smx] "Console<0><Console><Console>" changed cvar (cvar "sv_radial_vo_enemies") (value "1500")
L 08/06/2026 - 21:03:12: [basecommands.smx] "Console<0><Console><Console>" changed cvar (cvar "sv_radial_viewcone_enemy") (value "15")
L 08/06/2026 - 21:03:12: [basecommands.smx] "Console<0><Console><Console>" changed cvar (cvar "ins_deadcam_modes") (value "1")
L 08/06/2026 - 21:03:13: [basecommands.smx] "Console<0><Console><Console>" changed cvar (cvar "sv_radial_vo_enemies") (value "1500")
L 08/06/2026 - 21:03:13: [basecommands.smx] "Console<0><Console><Console>" changed cvar (cvar "sv_radial_viewcone_enemy") (value "15")
L 08/06/2026 - 21:03:13: [basecommands.smx] "Console<0><Console><Console>" changed cvar (cvar "ins_deadcam_modes") (value "1")
L 08/06/2026 - 21:03:13: [basecommands.smx] "Console<0><Console><Console>" changed cvar (cvar "mp_theater_override") (value "armory_pvp_default")
L 08/06/2026 - 21:04:27: -------- Mapchange to embassy_night --------
L 08/06/2026 - 21:04:27: [basecommands.smx] "Console<0><Console><Console>" changed cvar (cvar "sv_radial_vo_enemies") (value "1500")
L 08/06/2026 - 21:04:27: [basecommands.smx] "Console<0><Console><Console>" changed cvar (cvar "sv_radial_viewcone_enemy") (value "15")
L 08/06/2026 - 21:04:27: [basecommands.smx] "Console<0><Console><Console>" changed cvar (cvar "ins_deadcam_modes") (value "1")
L 08/06/2026 - 21:04:27: [basecommands.smx] "Console<0><Console><Console>" changed cvar (cvar "sv_radial_vo_enemies") (value "1500")
L 08/06/2026 - 21:04:27: [basecommands.smx] "Console<0><Console><Console>" changed cvar (cvar "sv_radial_viewcone_enemy") (value "15")
L 08/06/2026 - 21:04:27: [basecommands.smx] "Console<0><Console><Console>" changed cvar (cvar "ins_deadcam_modes") (value "1")
L 08/06/2026 - 21:07:53: -------- Mapchange to congress --------
L 08/06/2026 - 21:07:53: [basecommands.smx] "Console<0><Console><Console>" changed cvar (cvar "sv_radial_vo_enemies") (value "1500")
L 08/06/2026 - 21:07:53: [basecommands.smx] "Console<0><Console><Console>" changed cvar (cvar "sv_radial_viewcone_enemy") (value "15")
L 08/06/2026 - 21:07:53: [basecommands.smx] "Console<0><Console><Console>" changed cvar (cvar "ins_deadcam_modes") (value "1")
L 08/06/2026 - 21:07:53: [basecommands.smx] "Console<0><Console><Console>" changed cvar (cvar "sv_radial_vo_enemies") (value "1500")
L 08/06/2026 - 21:07:53: [basecommands.smx] "Console<0><Console><Console>" changed cvar (cvar "sv_radial_viewcone_enemy") (value "15")
L 08/06/2026 - 21:07:53: [basecommands.smx] "Console<0><Console><Console>" changed cvar (cvar "ins_deadcam_modes") (value "1")
L 08/06/2026 - 21:07:53: [basecommands.smx] "Console<0><Console><Console>" changed cvar (cvar "mp_theater_override") (value "armory_pvp_default")
L 08/06/2026 - 21:09:06: -------- Mapchange to buhriz --------
L 08/06/2026 - 21:09:08: [basecommands.smx] "Console<0><Console><Console>" changed cvar (cvar "sv_radial_vo_enemies") (value "1500")
L 08/06/2026 - 21:09:08: [basecommands.smx] "Console<0><Console><Console>" changed cvar (cvar "sv_radial_viewcone_enemy") (value "15")
L 08/06/2026 - 21:09:08: [basecommands.smx] "Console<0><Console><Console>" changed cvar (cvar "ins_deadcam_modes") (value "1")
L 08/06/2026 - 21:09:08: [basecommands.smx] "Console<0><Console><Console>" changed cvar (cvar "sv_radial_vo_enemies") (value "1500")
L 08/06/2026 - 21:09:08: [basecommands.smx] "Console<0><Console><Console>" changed cvar (cvar "sv_radial_viewcone_enemy") (value "15")
L 08/06/2026 - 21:09:08: [basecommands.smx] "Console<0><Console><Console>" changed cvar (cvar "ins_deadcam_modes") (value "1")
L 08/06/2026 - 21:09:09: [basecommands.smx] "Console<0><Console><Console>" changed cvar (cvar "mp_theater_override") (value "armory_pvp_default")
L 08/06/2026 - 21:13:43: -------- Mapchange to congress --------
L 08/06/2026 - 21:13:43: [basecommands.smx] "Console<0><Console><Console>" changed cvar (cvar "sv_radial_vo_enemies") (value "1500")
L 08/06/2026 - 21:13:43: [basecommands.smx] "Console<0><Console><Console>" changed cvar (cvar "sv_radial_viewcone_enemy") (value "15")
L 08/06/2026 - 21:13:43: [basecommands.smx] "Console<0><Console><Console>" changed cvar (cvar "ins_deadcam_modes") (value "1")
L 08/06/2026 - 21:13:43: [basecommands.smx] "Console<0><Console><Console>" changed cvar (cvar "sv_radial_vo_enemies") (value "1500")
L 08/06/2026 - 21:13:43: [basecommands.smx] "Console<0><Console><Console>" changed cvar (cvar "sv_radial_viewcone_enemy") (value "15")
L 08/06/2026 - 21:13:43: [basecommands.smx] "Console<0><Console><Console>" changed cvar (cvar "ins_deadcam_modes") (value "1")
L 08/06/2026 - 21:13:44: [basecommands.smx] "Console<0><Console><Console>" changed cvar (cvar "mp_theater_override") (value "armory_pvp_default")
L 08/06/2026 - 21:14:52: -------- Mapchange to market_night --------
L 08/06/2026 - 21:14:52: [basecommands.smx] "Console<0><Console><Console>" changed cvar (cvar "sv_radial_vo_enemies") (value "1500")
L 08/06/2026 - 21:14:52: [basecommands.smx] "Console<0><Console><Console>" changed cvar (cvar "sv_radial_viewcone_enemy") (value "15")
L 08/06/2026 - 21:14:52: [basecommands.smx] "Console<0><Console><Console>" changed cvar (cvar "ins_deadcam_modes") (value "1")
L 08/06/2026 - 21:14:52: [basecommands.smx] "Console<0><Console><Console>" changed cvar (cvar "sv_radial_vo_enemies") (value "1500")
L 08/06/2026 - 21:14:52: [basecommands.smx] "Console<0><Console><Console>" changed cvar (cvar "sv_radial_viewcone_enemy") (value "15")
L 08/06/2026 - 21:14:52: [basecommands.smx] "Console<0><Console><Console>" changed cvar (cvar "ins_deadcam_modes") (value "1")
L 08/06/2026 - 21:16:49: -------- Mapchange to congress --------
L 08/06/2026 - 21:16:49: [basecommands.smx] "Console<0><Console><Console>" changed cvar (cvar "sv_radial_vo_enemies") (value "1500")
L 08/06/2026 - 21:16:49: [basecommands.smx] "Console<0><Console><Console>" changed cvar (cvar "sv_radial_viewcone_enemy") (value "15")
L 08/06/2026 - 21:16:49: [basecommands.smx] "Console<0><Console><Console>" changed cvar (cvar "ins_deadcam_modes") (value "1")
L 08/06/2026 - 21:16:49: [basecommands.smx] "Console<0><Console><Console>" changed cvar (cvar "sv_radial_vo_enemies") (value "1500")
L 08/06/2026 - 21:16:49: [basecommands.smx] "Console<0><Console><Console>" changed cvar (cvar "sv_radial_viewcone_enemy") (value "15")
L 08/06/2026 - 21:16:49: [basecommands.smx] "Console<0><Console><Console>" changed cvar (cvar "ins_deadcam_modes") (value "1")
L 08/06/2026 - 21:16:49: [basecommands.smx] "Console<0><Console><Console>" changed cvar (cvar "mp_theater_override") (value "armory_pvp_default")
L 08/06/2026 - 21:18:22: -------- Mapchange to buhriz --------
L 08/06/2026 - 21:18:23: [basecommands.smx] "Console<0><Console><Console>" changed cvar (cvar "sv_radial_vo_enemies") (value "1500")
L 08/06/2026 - 21:18:23: [basecommands.smx] "Console<0><Console><Console>" changed cvar (cvar "sv_radial_viewcone_enemy") (value "15")
L 08/06/2026 - 21:18:23: [basecommands.smx] "Console<0><Console><Console>" changed cvar (cvar "ins_deadcam_modes") (value "1")
L 08/06/2026 - 21:18:23: [basecommands.smx] "Console<0><Console><Console>" changed cvar (cvar "sv_radial_vo_enemies") (value "1500")
L 08/06/2026 - 21:18:23: [basecommands.smx] "Console<0><Console><Console>" changed cvar (cvar "sv_radial_viewcone_enemy") (value "15")
L 08/06/2026 - 21:18:23: [basecommands.smx] "Console<0><Console><Console>" changed cvar (cvar "ins_deadcam_modes") (value "1")
L 08/06/2026 - 21:18:23: [basecommands.smx] "Console<0><Console><Console>" changed cvar (cvar "mp_theater_override") (value "armory_pvp_default")
L 08/06/2026 - 21:21:33: -------- Mapchange to congress --------
L 08/06/2026 - 21:21:34: [basecommands.smx] "Console<0><Console><Console>" changed cvar (cvar "sv_radial_vo_enemies") (value "1500")
L 08/06/2026 - 21:21:34: [basecommands.smx] "Console<0><Console><Console>" changed cvar (cvar "sv_radial_viewcone_enemy") (value "15")
L 08/06/2026 - 21:21:34: [basecommands.smx] "Console<0><Console><Console>" changed cvar (cvar "ins_deadcam_modes") (value "1")
L 08/06/2026 - 21:21:34: [basecommands.smx] "Console<0><Console><Console>" changed cvar (cvar "sv_radial_vo_enemies") (value "1500")
L 08/06/2026 - 21:21:34: [basecommands.smx] "Console<0><Console><Console>" changed cvar (cvar "sv_radial_viewcone_enemy") (value "15")
L 08/06/2026 - 21:21:34: [basecommands.smx] "Console<0><Console><Console>" changed cvar (cvar "ins_deadcam_modes") (value "1")
L 08/06/2026 - 21:21:34: [basecommands.smx] "Console<0><Console><Console>" changed cvar (cvar "mp_theater_override") (value "armory_pvp_default")
L 08/06/2026 - 21:22:46: -------- Mapchange to heights_night --------
L 08/06/2026 - 21:22:46: [basecommands.smx] "Console<0><Console><Console>" changed cvar (cvar "sv_radial_vo_enemies") (value "1500")
L 08/06/2026 - 21:22:46: [basecommands.smx] "Console<0><Console><Console>" changed cvar (cvar "sv_radial_viewcone_enemy") (value "15")
L 08/06/2026 - 21:22:46: [basecommands.smx] "Console<0><Console><Console>" changed cvar (cvar "ins_deadcam_modes") (value "1")
L 08/06/2026 - 21:22:46: [basecommands.smx] "Console<0><Console><Console>" changed cvar (cvar "sv_radial_vo_enemies") (value "1500")
L 08/06/2026 - 21:22:46: [basecommands.smx] "Console<0><Console><Console>" changed cvar (cvar "sv_radial_viewcone_enemy") (value "15")
L 08/06/2026 - 21:22:46: [basecommands.smx] "Console<0><Console><Console>" changed cvar (cvar "ins_deadcam_modes") (value "1")
L 08/06/2026 - 21:24:30: -------- Mapchange to heights_night --------
L 08/06/2026 - 21:24:30: [basecommands.smx] "Console<0><Console><Console>" changed cvar (cvar "sv_radial_vo_enemies") (value "1500")
L 08/06/2026 - 21:24:30: [basecommands.smx] "Console<0><Console><Console>" changed cvar (cvar "sv_radial_viewcone_enemy") (value "15")
L 08/06/2026 - 21:24:30: [basecommands.smx] "Console<0><Console><Console>" changed cvar (cvar "ins_deadcam_modes") (value "1")
L 08/06/2026 - 21:24:30: [basecommands.smx] "Console<0><Console><Console>" changed cvar (cvar "sv_radial_vo_enemies") (value "1500")
L 08/06/2026 - 21:24:30: [basecommands.smx] "Console<0><Console><Console>" changed cvar (cvar "sv_radial_viewcone_enemy") (value "15")
L 08/06/2026 - 21:24:30: [basecommands.smx] "Console<0><Console><Console>" changed cvar (cvar "ins_deadcam_modes") (value "1")
L 08/06/2026 - 21:32:27: SourceMod log file session started (file "/home/steam/game/insurgency/addons/sourcemod/logs/L20260806.log") (Version "1.10.0.6462")
L 08/06/2026 - 21:32:27: [GEOIP] GeoIP database info: GEO-106FREE 20180327 Build 1 Copyright (c) 2018 MaxMind Inc All Rights Reserved
L 08/06/2026 - 21:40:07: [KnifeKillMessages.smx] [Knife Notification] - Loaded
L 08/06/2026 - 21:49:51: -------- Mapchange to congress --------
L 08/06/2026 - 21:49:52: [basecommands.smx] "Console<0><Console><Console>" changed cvar (cvar "sv_radial_vo_enemies") (value "1500")
L 08/06/2026 - 21:49:52: [basecommands.smx] "Console<0><Console><Console>" changed cvar (cvar "sv_radial_viewcone_enemy") (value "15")
L 08/06/2026 - 21:49:52: [basecommands.smx] "Console<0><Console><Console>" changed cvar (cvar "ins_deadcam_modes") (value "1")
L 08/06/2026 - 21:49:52: [basecommands.smx] "Console<0><Console><Console>" changed cvar (cvar "sv_radial_vo_enemies") (value "1500")
L 08/06/2026 - 21:49:52: [basecommands.smx] "Console<0><Console><Console>" changed cvar (cvar "sv_radial_viewcone_enemy") (value "15")
L 08/06/2026 - 21:49:52: [basecommands.smx] "Console<0><Console><Console>" changed cvar (cvar "ins_deadcam_modes") (value "1")
L 08/06/2026 - 21:49:52: [basecommands.smx] "Console<0><Console><Console>" changed cvar (cvar "mp_theater_override") (value "armory_pvp_default")
L 08/06/2026 - 21:51:12: -------- Mapchange to market_night --------
L 08/06/2026 - 21:51:13: [basecommands.smx] "Console<0><Console><Console>" changed cvar (cvar "sv_radial_vo_enemies") (value "1500")
L 08/06/2026 - 21:51:13: [basecommands.smx] "Console<0><Console><Console>" changed cvar (cvar "sv_radial_viewcone_enemy") (value "15")
L 08/06/2026 - 21:51:13: [basecommands.smx] "Console<0><Console><Console>" changed cvar (cvar "ins_deadcam_modes") (value "1")
L 08/06/2026 - 21:51:13: [basecommands.smx] "Console<0><Console><Console>" changed cvar (cvar "sv_radial_vo_enemies") (value "1500")
L 08/06/2026 - 21:51:13: [basecommands.smx] "Console<0><Console><Console>" changed cvar (cvar "sv_radial_viewcone_enemy") (value "15")
L 08/06/2026 - 21:51:13: [basecommands.smx] "Console<0><Console><Console>" changed cvar (cvar "ins_deadcam_modes") (value "1")
